***********************************TEST RESULTS************************************
test instructions:
inst1:  0x00C18193 ADDI rd(3) rs1(0) imm(12)
inst2:  0x06C1A083 LW rd(1) rs(3) off(108)
inst3:  0x0641A103 LW rd(2) rs(3) off(100)
inst4:  0x06419103 LH rd(2) rs(3) off(100)
inst5:  0x06418103 LB rd(2) rs(3) off(100)
inst6:  0x003063B3 OR rd(7) rs1(0) rs2(3)
inst7:  0x0611A223 SW rs2(1) rs1(3) off(100)
inst8:  0x06119423 SH rs2(1) rs1(3) off(104)
inst9:  0x0180D313 SRLI rs1(1) rd(6) imm(24)
inst10: 0x06520203 LB rd(4) rs(4) imm(101)
inst11: 0x004182B3 ADD rd(5) rs1(3) rs2(4)
inst12: 0x02530063 BEQ rs1(5) rs2(6) off(16)
inst13: 0xFF228293 ADDI rd(5) rs1(5) imm(-14)
inst14: 0x01028293 ADDI rd(5) rs1(5) imm(16)
inst15: 0xFE9FF56F JAL rd(10) off(-12)
registers:
0x0 0x0 0x0 0x0 0x0 0x0 0x0 0x0 0x0 0x0 0x0 0x0 0x0 0x0 0x0 0x0 
0x0 0x0 0x0 0x0 0x0 0x0 0x0 0x0 0x0 0x0 0x0 0x0 0x0 0x0 0x0 0x0 
-------------------------prog_mem-------------------
1024,1025,...
0x00  0xc1  0x81  0x93  0x06  0xc1  0xa0  0x83  
0x06  0x41  0xa1  0x03  0x06  0x41  0x91  0x03  
0x06  0x41  0x81  0x03  0x00  0x30  0x63  0xb3  
0x06  0x11  0xa2  0x23  0x06  0x11  0x94  0x23  
0x01  0x80  0xd3  0x13  0x06  0x52  0x02  0x03  
0x00  0x41  0x82  0xb3  0x02  0x53  0x00  0x63  
0xff  0x22  0x82  0x93  0x01  0x02  0x82  0x93  
0xfe  0x9f  0xf5  0x6f  0xff  0xff  0xff  0xff  
0x30  0x31  0x32  0x33  
-------------------------data_mem-------------------
100,101,...
0x00  0x01  0x02  0x03  0x04  0x05  0x06  0x07  0x08  0x09  
0x10  0x11  0xaa  0xbb  0xcc  0xdd  0x16  0x17  0x18  0x19  
0x11  0x22  0x33  0x44  0xee  0x00  0xff  0x11  
-------------------------cache_mem-------------------
index 0:  0x00 0x00 0x00 0x00  | 0x00 0x00 0x00 0x00  | 0x00 0x00 0x00 0x00  | 0x00 0x00 0x00 0x00 
index 1:  0x00 0x00 0x00 0x00  | 0x00 0x00 0x00 0x00  | 0x00 0x00 0x00 0x00  | 0x00 0x00 0x00 0x00 
index 2:  0x00 0x00 0x00 0x00  | 0x00 0x00 0x00 0x00  | 0x00 0x00 0x00 0x00  | 0x00 0x00 0x00 0x00 
index 3:  0x00 0x00 0x00 0x00  | 0x00 0x00 0x00 0x00  | 0x00 0x00 0x00 0x00  | 0x00 0x00 0x00 0x00 
index 4:  0x00 0x00 0x00 0x00  | 0x00 0x00 0x00 0x00  | 0x00 0x00 0x00 0x00  | 0x00 0x00 0x00 0x00 
index 5:  0x00 0x00 0x00 0x00  | 0x00 0x00 0x00 0x00  | 0x00 0x00 0x00 0x00  | 0x00 0x00 0x00 0x00 
index 6:  0x00 0x00 0x00 0x00  | 0x00 0x00 0x00 0x00  | 0x00 0x00 0x00 0x00  | 0x00 0x00 0x00 0x00 
index 7:  0x00 0x00 0x00 0x00  | 0x00 0x00 0x00 0x00  | 0x00 0x00 0x00 0x00  | 0x00 0x00 0x00 0x00 
index 8:  0x00 0x00 0x00 0x00  | 0x00 0x00 0x00 0x00  | 0x00 0x00 0x00 0x00  | 0x00 0x00 0x00 0x00 
index 9:  0x00 0x00 0x00 0x00  | 0x00 0x00 0x00 0x00  | 0x00 0x00 0x00 0x00  | 0x00 0x00 0x00 0x00 
index 64: 0x00 0x00 0x00 0x00  | 0x00 0x00 0x00 0x00  | 0x00 0x00 0x00 0x00  | 0x00 0x00 0x00 0x00 
index 65: 0x00 0x00 0x00 0x00  | 0x00 0x00 0x00 0x00  | 0x00 0x00 0x00 0x00  | 0x00 0x00 0x00 0x00 
index 66: 0x00 0x00 0x00 0x00  | 0x00 0x00 0x00 0x00  | 0x00 0x00 0x00 0x00  | 0x00 0x00 0x00 0x00 
index 67: 0x00 0x00 0x00 0x00  | 0x00 0x00 0x00 0x00  | 0x00 0x00 0x00 0x00  | 0x00 0x00 0x00 0x00 
index 68: 0x00 0x00 0x00 0x00  | 0x00 0x00 0x00 0x00  | 0x00 0x00 0x00 0x00  | 0x00 0x00 0x00 0x00 
index 69: 0x00 0x00 0x00 0x00  | 0x00 0x00 0x00 0x00  | 0x00 0x00 0x00 0x00  | 0x00 0x00 0x00 0x00 
index 70: 0x00 0x00 0x00 0x00  | 0x00 0x00 0x00 0x00  | 0x00 0x00 0x00 0x00  | 0x00 0x00 0x00 0x00 
index 71: 0x00 0x00 0x00 0x00  | 0x00 0x00 0x00 0x00  | 0x00 0x00 0x00 0x00  | 0x00 0x00 0x00 0x00 
index 72: 0x00 0x00 0x00 0x00  | 0x00 0x00 0x00 0x00  | 0x00 0x00 0x00 0x00  | 0x00 0x00 0x00 0x00 
index 73: 0x00 0x00 0x00 0x00  | 0x00 0x00 0x00 0x00  | 0x00 0x00 0x00 0x00  | 0x00 0x00 0x00 0x00 

------------------------------------------------------
start of the program
initiating valid array..cache has been initiated.
**********************************
current pc: 1024
index: 64
miss..fetching block from memory..f_a: 1024
curr_inst: c18193
executing in alu..ADDI
I format instruction..execution done.
registers:
0x0 0x0 0x0 0xc 0x0 0x0 0x0 0x0 0x0 0x0 0x0 0x0 0x0 0x0 0x0 0x0 
0x0 0x0 0x0 0x0 0x0 0x0 0x0 0x0 0x0 0x0 0x0 0x0 0x0 0x0 0x0 0x0 
**********************************
current pc: 1028
index: 64
hit..fetching block from cache..f_a: 1028
curr_inst: 6c1a083
load instruction..WORD 
index: 7
miss..fetching block from memory..f_a: 120
execution done.
registers:
0x0 0x11223344 0x0 0xc 0x0 0x0 0x0 0x0 0x0 0x0 0x0 0x0 0x0 0x0 0x0 0x0 
0x0 0x0 0x0 0x0 0x0 0x0 0x0 0x0 0x0 0x0 0x0 0x0 0x0 0x0 0x0 0x0 
**********************************
current pc: 1032
index: 64
hit..fetching block from cache..f_a: 1032
curr_inst: 641a103
load instruction..WORD 
index: 7
hit..fetching block from cache..f_a: 112
execution done.
registers:
0x0 0x11223344 0xaabbccdd 0xc 0x0 0x0 0x0 0x0 0x0 0x0 0x0 0x0 0x0 0x0 0x0 0x0 
0x0 0x0 0x0 0x0 0x0 0x0 0x0 0x0 0x0 0x0 0x0 0x0 0x0 0x0 0x0 0x0 
**********************************
current pc: 1036
index: 64
hit..fetching block from cache..f_a: 1036
curr_inst: 6419103
load instruction..HALF 
index: 7
hit..fetching block from cache..f_a: 112
execution done.
registers:
0x0 0x11223344 0xffffccdd 0xc 0x0 0x0 0x0 0x0 0x0 0x0 0x0 0x0 0x0 0x0 0x0 0x0 
0x0 0x0 0x0 0x0 0x0 0x0 0x0 0x0 0x0 0x0 0x0 0x0 0x0 0x0 0x0 0x0 
**********************************
current pc: 1040
index: 65
miss..fetching block from memory..f_a: 1040
curr_inst: 6418103
load instruction..BYTE 
index: 7
hit..fetching block from cache..f_a: 112
execution done.
registers:
0x0 0x11223344 0xffffffdd 0xc 0x0 0x0 0x0 0x0 0x0 0x0 0x0 0x0 0x0 0x0 0x0 0x0 
0x0 0x0 0x0 0x0 0x0 0x0 0x0 0x0 0x0 0x0 0x0 0x0 0x0 0x0 0x0 0x0 
**********************************
current pc: 1044
index: 65
hit..fetching block from cache..f_a: 1044
curr_inst: 3063b3
executing in alu..OR
R format instruction..execution done.
registers:
0x0 0x11223344 0xffffffdd 0xc 0x0 0x0 0x0 0xc 0x0 0x0 0x0 0x0 0x0 0x0 0x0 0x0 
0x0 0x0 0x0 0x0 0x0 0x0 0x0 0x0 0x0 0x0 0x0 0x0 0x0 0x0 0x0 0x0 
**********************************
current pc: 1048
index: 65
hit..fetching block from cache..f_a: 1048
curr_inst: 611a223
store instruction..WORD 
execution done.
registers:
0x0 0x11223344 0xffffffdd 0xc 0x0 0x0 0x0 0xc 0x0 0x0 0x0 0x0 0x0 0x0 0x0 0x0 
0x0 0x0 0x0 0x0 0x0 0x0 0x0 0x0 0x0 0x0 0x0 0x0 0x0 0x0 0x0 0x0 
**********************************
current pc: 1052
index: 65
hit..fetching block from cache..f_a: 1052
curr_inst: 6119423
store instruction..HALF 
index: 7
hit..fetching block from cache..f_a: 116
execution done.
registers:
0x0 0x11223344 0xffffffdd 0xc 0x0 0x0 0x0 0xc 0x0 0x0 0x0 0x0 0x0 0x0 0x0 0x0 
0x0 0x0 0x0 0x0 0x0 0x0 0x0 0x0 0x0 0x0 0x0 0x0 0x0 0x0 0x0 0x0 
**********************************
current pc: 1056
index: 66
miss..fetching block from memory..f_a: 1056
curr_inst: 180d313
executing in alu..SRLI
I format instruction..execution done.
registers:
0x0 0x11223344 0xffffffdd 0xc 0x0 0x0 0x11 0xc 0x0 0x0 0x0 0x0 0x0 0x0 0x0 0x0 
0x0 0x0 0x0 0x0 0x0 0x0 0x0 0x0 0x0 0x0 0x0 0x0 0x0 0x0 0x0 0x0 
**********************************
current pc: 1060
index: 66
hit..fetching block from cache..f_a: 1060
curr_inst: 6520203
load instruction..BYTE 
index: 6
miss..fetching block from memory..f_a: 101
execution done.
registers:
0x0 0x11223344 0xffffffdd 0xc 0x3 0x0 0x11 0xc 0x0 0x0 0x0 0x0 0x0 0x0 0x0 0x0 
0x0 0x0 0x0 0x0 0x0 0x0 0x0 0x0 0x0 0x0 0x0 0x0 0x0 0x0 0x0 0x0 
**********************************
current pc: 1064
index: 66
hit..fetching block from cache..f_a: 1064
curr_inst: 4182b3
executing in alu..ADD
R format instruction..execution done.
registers:
0x0 0x11223344 0xffffffdd 0xc 0x3 0xf 0x11 0xc 0x0 0x0 0x0 0x0 0x0 0x0 0x0 0x0 
0x0 0x0 0x0 0x0 0x0 0x0 0x0 0x0 0x0 0x0 0x0 0x0 0x0 0x0 0x0 0x0 
**********************************
current pc: 1068
index: 66
hit..fetching block from cache..f_a: 1068
curr_inst: 2530063
branch instruction..type: BEQ 
execution done.
registers:
0x0 0x11223344 0xffffffdd 0xc 0x3 0xf 0x11 0xc 0x0 0x0 0x0 0x0 0x0 0x0 0x0 0x0 
0x0 0x0 0x0 0x0 0x0 0x0 0x0 0x0 0x0 0x0 0x0 0x0 0x0 0x0 0x0 0x0 
**********************************
current pc: 1072
index: 67
miss..fetching block from memory..f_a: 1072
curr_inst: ff228293
executing in alu..ADDI
I format instruction..execution done.
registers:
0x0 0x11223344 0xffffffdd 0xc 0x3 0x1 0x11 0xc 0x0 0x0 0x0 0x0 0x0 0x0 0x0 0x0 
0x0 0x0 0x0 0x0 0x0 0x0 0x0 0x0 0x0 0x0 0x0 0x0 0x0 0x0 0x0 0x0 
**********************************
current pc: 1076
index: 67
hit..fetching block from cache..f_a: 1076
curr_inst: 1028293
executing in alu..ADDI
I format instruction..execution done.
registers:
0x0 0x11223344 0xffffffdd 0xc 0x3 0x11 0x11 0xc 0x0 0x0 0x0 0x0 0x0 0x0 0x0 0x0 
0x0 0x0 0x0 0x0 0x0 0x0 0x0 0x0 0x0 0x0 0x0 0x0 0x0 0x0 0x0 0x0 
**********************************
current pc: 1080
index: 67
hit..fetching block from cache..f_a: 1080
curr_inst: fe9ff56f
JAL operation..pc: 1068
execution done.
registers:
0x0 0x11223344 0xffffffdd 0xc 0x3 0x11 0x11 0xc 0x0 0x0 0x43c 0x0 0x0 0x0 0x0 0x0 
0x0 0x0 0x0 0x0 0x0 0x0 0x0 0x0 0x0 0x0 0x0 0x0 0x0 0x0 0x0 0x0 
**********************************
current pc: 1068
index: 66
hit..fetching block from cache..f_a: 1068
curr_inst: 2530063
branch instruction..type: BEQ 
execution done.
registers:
0x0 0x11223344 0xffffffdd 0xc 0x3 0x11 0x11 0xc 0x0 0x0 0x43c 0x0 0x0 0x0 0x0 0x0 
0x0 0x0 0x0 0x0 0x0 0x0 0x0 0x0 0x0 0x0 0x0 0x0 0x0 0x0 0x0 0x0 
**********************************
current pc: 1084
index: 67
hit..fetching block from cache..f_a: 1084
curr_inst: ffffffff
halt instruction.
end of the program.
-------------------------data_mem-------------------
100,101,...
0x00  0x01  0x02  0x03  0x04  0x05  0x06  0x07  0x08  0x09  
0x10  0x11  0x11  0x22  0x33  0x44  0x16  0x17  0x33  0x44  
0x11  0x22  0x33  0x44  0xee  0x00  0xff  0x11  
-------------------------cache_mem-------------------
index 0:  0x00 0x00 0x00 0x00  | 0x00 0x00 0x00 0x00  | 0x00 0x00 0x00 0x00  | 0x00 0x00 0x00 0x00 
index 1:  0x00 0x00 0x00 0x00  | 0x00 0x00 0x00 0x00  | 0x00 0x00 0x00 0x00  | 0x00 0x00 0x00 0x00 
index 2:  0x00 0x00 0x00 0x00  | 0x00 0x00 0x00 0x00  | 0x00 0x00 0x00 0x00  | 0x00 0x00 0x00 0x00 
index 3:  0x00 0x00 0x00 0x00  | 0x00 0x00 0x00 0x00  | 0x00 0x00 0x00 0x00  | 0x00 0x00 0x00 0x00 
index 4:  0x00 0x00 0x00 0x00  | 0x00 0x00 0x00 0x00  | 0x00 0x00 0x00 0x00  | 0x00 0x00 0x00 0x00 
index 5:  0x00 0x00 0x00 0x00  | 0x00 0x00 0x00 0x00  | 0x00 0x00 0x00 0x00  | 0x00 0x00 0x00 0x00 
index 6:  0x00 0x00 0x00 0x00  | 0x00 0x01 0x02 0x03  | 0x04 0x05 0x06 0x07  | 0x08 0x09 0x10 0x11 
index 7:  0x11 0x22 0x33 0x44  | 0x16 0x17 0x33 0x44  | 0x11 0x22 0x33 0x44  | 0xee 0x00 0xff 0x11 
index 8:  0x00 0x00 0x00 0x00  | 0x00 0x00 0x00 0x00  | 0x00 0x00 0x00 0x00  | 0x00 0x00 0x00 0x00 
index 9:  0x00 0x00 0x00 0x00  | 0x00 0x00 0x00 0x00  | 0x00 0x00 0x00 0x00  | 0x00 0x00 0x00 0x00 
index 64: 0x00 0xc1 0x81 0x93  | 0x06 0xc1 0xa0 0x83  | 0x06 0x41 0xa1 0x03  | 0x06 0x41 0x91 0x03 
index 65: 0x06 0x41 0x81 0x03  | 0x00 0x30 0x63 0xb3  | 0x06 0x11 0xa2 0x23  | 0x06 0x11 0x94 0x23 
index 66: 0x01 0x80 0xd3 0x13  | 0x06 0x52 0x02 0x03  | 0x00 0x41 0x82 0xb3  | 0x02 0x53 0x00 0x63 
index 67: 0xff 0x22 0x82 0x93  | 0x01 0x02 0x82 0x93  | 0xfe 0x9f 0xf5 0x6f  | 0xff 0xff 0xff 0xff 
index 68: 0x00 0x00 0x00 0x00  | 0x00 0x00 0x00 0x00  | 0x00 0x00 0x00 0x00  | 0x00 0x00 0x00 0x00 
index 69: 0x00 0x00 0x00 0x00  | 0x00 0x00 0x00 0x00  | 0x00 0x00 0x00 0x00  | 0x00 0x00 0x00 0x00 
index 70: 0x00 0x00 0x00 0x00  | 0x00 0x00 0x00 0x00  | 0x00 0x00 0x00 0x00  | 0x00 0x00 0x00 0x00 
index 71: 0x00 0x00 0x00 0x00  | 0x00 0x00 0x00 0x00  | 0x00 0x00 0x00 0x00  | 0x00 0x00 0x00 0x00 
index 72: 0x00 0x00 0x00 0x00  | 0x00 0x00 0x00 0x00  | 0x00 0x00 0x00 0x00  | 0x00 0x00 0x00 0x00 
index 73: 0x00 0x00 0x00 0x00  | 0x00 0x00 0x00 0x00  | 0x00 0x00 0x00 0x00  | 0x00 0x00 0x00 0x00
